{
  "snapshot": "/var/home/aven/.local/state/aven/focused-before-20260915T061752.703119Z",
  "entries": 36,
  "scope": "aven-focused-profile"
}
Installed /etc/fonts/conf.d/60-aven-families.conf
Installed /etc/fonts/conf.d/99-aven-rendering.conf
Install typography/fedora-packages.txt through the guest image's package workflow.
In the guest: fc-cache -f; restart applications; python3 typography/audit.py --active
active-environment: 42/42 font checks passed; visual quality unassessed.
{
  "preview": "/var/home/aven/.local/bin/aven-preview",
  "shortcut": "Ctrl+Alt+P",
  "shortcut_file": "/var/home/aven/.local/share/kxmlgui5/dolphin/dolphinui.rc",
  "xmlgui_version": 49,
  "places": {
    "changed": false,
    "hidden_system_items": [],
    "hidden_system_devices": [],
    "device_discovery_error": null
  },
  "layout": {
    "changed": false,
    "reason": "initial layout already seeded"
  },
  "packages_required": [
    "python3-pyside6",
    "kf6-kimageformats",
    "kio-extras",
    "kdegraphics-thumbnailers",
    "ghostscript",
    "ffmpegthumbs"
  ]
}
{
  "profile": "/var/home/aven/.local/share/aven/firefox",
  "preferences_seeded": false,
  "launcher": "/var/home/aven/.local/bin/aven-browser",
  "desktop": "org.mozilla.firefox.desktop"
}
{
  "profile": "/var/home/aven/.local/share/aven/mail/default",
  "profile_seeded": false,
  "launcher": "/var/home/aven/.local/bin/aven-mail",
  "desktop": "net.thunderbird.Thunderbird.desktop",
  "mode": "normal-online",
  "demo_fixtures": false
}
{"seeded": false, "reason": "Profile already seeded; user preferences retained"}
/home/aven/aven/integration/apply-profile.py:60: PyGIDeprecationWarning: Gio.DesktopAppInfo is deprecated; use GioUnix.DesktopAppInfo instead
  app = Gio.DesktopAppInfo.new(desktop)
+ plasma-apply-colorscheme AvenMist
+ plasma-apply-desktoptheme default
+ kwriteconfig6 --file /home/aven/.config/plasmarc --group Theme --key name default
+ kwriteconfig6 --file /home/aven/.config/kdeglobals --group General --key font Noto Sans,11,-1,5,400,0,0,0,0,0,0,0,0,0,0,1,,0,0
+ kwriteconfig6 --file /home/aven/.config/kdeglobals --group General --key menuFont Noto Sans,11,-1,5,400,0,0,0,0,0,0,0,0,0,0,1,,0,0
+ kwriteconfig6 --file /home/aven/.config/kdeglobals --group General --key toolBarFont Noto Sans,11,-1,5,400,0,0,0,0,0,0,0,0,0,0,1,,0,0
+ kwriteconfig6 --file /home/aven/.config/kdeglobals --group General --key smallestReadableFont Noto Sans,10,-1,5,400,0,0,0,0,0,0,0,0,0,0,1,,0,0
+ kwriteconfig6 --file /home/aven/.config/kdeglobals --group General --key fixed Noto Sans Mono,10,-1,5,400,0,0,0,0,0,0,0,0,0,0,1,,0,0
+ kwriteconfig6 --file /home/aven/.config/kdeglobals --group WM --key activeFont Noto Sans,11,-1,5,500,0,0,0,0,0,0,0,0,0,0,1,,0,0
+ kwriteconfig6 --file /home/aven/.config/kdeglobals --group KDE --key widgetStyle Breeze
+ kwriteconfig6 --file /home/aven/.config/kdeglobals --group KDE --key AnimationDurationFactor 0.65
+ kwriteconfig6 --file /home/aven/.config/kdeglobals --group KDE --key SingleClick false
+ kwriteconfig6 --file /home/aven/.config/kdeglobals --group Icons --key Theme Aven
+ kwriteconfig6 --file /home/aven/.config/kdeglobals --group Toolbar style --key ToolButtonStyle TextBesideIcon
+ kwriteconfig6 --file /home/aven/.config/kdeglobals --group MainToolbarIcons --key Size 22
+ kwriteconfig6 --file /home/aven/.config/kdeglobals --group ToolbarIcons --key Size 22
+ kwriteconfig6 --file /home/aven/.config/kdeglobals --group General --key XftAntialias true
+ kwriteconfig6 --file /home/aven/.config/kdeglobals --group General --key XftHintStyle hintslight
+ kwriteconfig6 --file /home/aven/.config/kdeglobals --group General --key XftSubPixel none
+ kwriteconfig6 --file /home/aven/.config/kwinrc --group Plugins --key wobblywindowsEnabled false
+ kwriteconfig6 --file /home/aven/.config/kwinrc --group Plugins --key magiclampEnabled false
+ kwriteconfig6 --file /home/aven/.config/kwinrc --group Plugins --key fallapartEnabled false
+ kwriteconfig6 --file /home/aven/.config/kwinrc --group Plugins --key glideEnabled false
+ kwriteconfig6 --file /home/aven/.config/kwinrc --group Plugins --key slideEnabled false
+ kwriteconfig6 --file /home/aven/.config/kwinrc --group Plugins --key cubeslideEnabled false
+ kwriteconfig6 --file /home/aven/.config/kwinrc --group Plugins --key windowapertureEnabled false
+ kwriteconfig6 --file /home/aven/.config/kwinrc --group Plugins --key sheetEnabled false
+ kwriteconfig6 --file /home/aven/.config/kwinrc --group Plugins --key squashEnabled false
+ kwriteconfig6 --file /home/aven/.config/kwinrc --group Plugins --key translucencyEnabled false
+ kwriteconfig6 --file /home/aven/.config/kwinrc --group Plugins --key diminactiveEnabled false
+ kwriteconfig6 --file /home/aven/.config/kwinrc --group Plugins --key scaleEnabled false
+ kwriteconfig6 --file /home/aven/.config/kwinrc --group Plugins --key fadeEnabled true
+ kwriteconfig6 --file /home/aven/.config/kwinrc --group Plugins --key fadingpopupsEnabled true
+ kwriteconfig6 --file /home/aven/.config/kwinrc --group Plugins --key overviewEnabled true
+ kwriteconfig6 --file /home/aven/.config/kwinrc --group TabBox --key LayoutName thumbnail_grid
+ kwriteconfig6 --file /home/aven/.config/kwinrc --group TabBox --key HighlightWindows false
+ kwriteconfig6 --file /home/aven/.config/kwinrc --group org.kde.kdecoration2 --key ButtonsOnLeft 
+ kwriteconfig6 --file /home/aven/.config/kwinrc --group org.kde.kdecoration2 --key ButtonsOnRight IAX
+ kwriteconfig6 --file /home/aven/.config/kwinrc --group org.kde.kdecoration2 --key BorderSize None
+ kwriteconfig6 --file /home/aven/.config/kwinrc --group org.kde.kdecoration2 --key library org.kde.kwin.aurorae
+ kwriteconfig6 --file /home/aven/.config/kwinrc --group org.kde.kdecoration2 --key theme __aurorae__svg__Aven
+ kwriteconfig6 --file /home/aven/.config/gtk-3.0/settings.ini --group Settings --key gtk-font-name Noto Sans 11
+ kwriteconfig6 --file /home/aven/.config/gtk-3.0/settings.ini --group Settings --key gtk-theme-name Breeze
+ kwriteconfig6 --file /home/aven/.config/gtk-3.0/settings.ini --group Settings --key gtk-icon-theme-name Aven
+ kwriteconfig6 --file /home/aven/.config/gtk-3.0/settings.ini --group Settings --key gtk-application-prefer-dark-theme false
+ kwriteconfig6 --file /home/aven/.config/gtk-3.0/settings.ini --group Settings --key gtk-xft-antialias 1
+ kwriteconfig6 --file /home/aven/.config/gtk-3.0/settings.ini --group Settings --key gtk-xft-hinting 1
+ kwriteconfig6 --file /home/aven/.config/gtk-3.0/settings.ini --group Settings --key gtk-xft-hintstyle hintslight
+ kwriteconfig6 --file /home/aven/.config/gtk-3.0/settings.ini --group Settings --key gtk-xft-rgba none
+ kwriteconfig6 --file /home/aven/.config/gtk-4.0/settings.ini --group Settings --key gtk-font-name Noto Sans 11
+ kwriteconfig6 --file /home/aven/.config/gtk-4.0/settings.ini --group Settings --key gtk-theme-name Breeze
+ kwriteconfig6 --file /home/aven/.config/gtk-4.0/settings.ini --group Settings --key gtk-icon-theme-name Aven
+ kwriteconfig6 --file /home/aven/.config/gtk-4.0/settings.ini --group Settings --key gtk-application-prefer-dark-theme false
+ kwriteconfig6 --file /home/aven/.config/gtk-4.0/settings.ini --group Settings --key gtk-xft-antialias 1
+ kwriteconfig6 --file /home/aven/.config/gtk-4.0/settings.ini --group Settings --key gtk-xft-hinting 1
+ kwriteconfig6 --file /home/aven/.config/gtk-4.0/settings.ini --group Settings --key gtk-xft-hintstyle hintslight
+ kwriteconfig6 --file /home/aven/.config/gtk-4.0/settings.ini --group Settings --key gtk-xft-rgba none
+ /usr/bin/qdbus-qt6 org.kde.plasmashell /PlasmaShell org.kde.PlasmaShell.evaluateScript // Public Plasma scripting API. Modify the existing panel without replacing widgets.
for (const desktop of desktops()) {
    desktop.wallpaperPlugin = 'org.kde.image';
    desktop.currentConfigGroup = ['Wallpaper', 'org.kde.image', 'General'];
    desktop.writeConfig('Image', 'file:///home/aven/.local/share/wallpapers/AvenEstuary/contents/images/3840x2160.svg');
}
for (const panel of panels()) {
    panel.location = 'bottom';
    panel.alignment = 'center';
    panel.height = 48;
    panel.lengthMode = 'custom';
    panel.length = 1040;
    panel.minimumLength = 1040;
    panel.maximumLength = 1040;
    panel.hiding = 'none';
    panel.floating = true;
    for (const widget of panel.widgets()) {
        if (widget.type === 'org.kde.plasma.icontasks') {
            widget.currentConfigGroup = ['General'];
            widget.writeConfig('launchers', ['applications:org.kde.dolphin.desktop', 'applications:org.mozilla.firefox.desktop', 'applications:net.thunderbird.Thunderbird.desktop', 'applications:org.kde.gwenview.desktop']);
        }
        if (widget.type === 'org.kde.plasma.kickoff') {
            widget.currentConfigGroup = ['General'];
            widget.writeConfig('icon', 'aven');
        }
        if (widget.type === 'org.kde.plasma.digitalclock') {
            widget.currentConfigGroup = ['Appearance'];
            widget.writeConfig('showSeconds', 0);
            widget.writeConfig('showDate', true);
            widget.writeConfig('dateFormat', 'shortDate');
            widget.writeConfig('use24hFormat', 2);
        }
    }
}

+ /usr/bin/qdbus-qt6 org.kde.KWin /KWin reconfigure
Aven candidate installed. Config backup: /home/aven/.local/state/aven/20260915-141755-377435. Log out/in before typography comparisons.
Profile integrated. Reboot the guest for a clean comparison round.
