
{
  "complete": true,
  "device_inventory_ready": true,
  "attempts": 3,
  "system_devices": [
    {
      "udi": "/org/kde/fstab/overlay/",
      "uuid": "",
      "mount": "/",
      "reason": "read-only Atomic root"
    },
    {
      "udi": "/org/freedesktop/UDisks2/block_devices/vda1",
      "uuid": "5019-1319",
      "mount": "/boot/efi",
      "reason": "fixed system boot volume"
    },
    {
      "udi": "/org/freedesktop/UDisks2/block_devices/vda2",
      "uuid": "8b79eb93-26f3-4c19-8917-a826fd267180",
      "mount": "/boot",
      "reason": "fixed system boot volume"
    }
  ],
  "changed": true,
  "hidden_system_items": [
    "Desktop",
    "Music",
    "Videos",
    "Recent Locations"
  ],
  "hidden_system_devices": [
    {
      "udi": "/org/kde/fstab/overlay/",
      "uuid": "",
      "mount": "/",
      "reason": "read-only Atomic root"
    },
    {
      "udi": "/org/freedesktop/UDisks2/block_devices/vda1",
      "uuid": "5019-1319",
      "mount": "/boot/efi",
      "reason": "fixed system boot volume"
    },
    {
      "udi": "/org/freedesktop/UDisks2/block_devices/vda2",
      "uuid": "8b79eb93-26f3-4c19-8917-a826fd267180",
      "mount": "/boot",
      "reason": "fixed system boot volume"
    }
  ],
  "device_discovery_error": null,
  "ownership_record": "/var/home/reader/.local/state/aven/places/20260915T122549.146252Z-b42429f946c9.json"
}
